[17:53:38]  reading siteSR data, HUC2 + geometry QA scoped 
[17:53:40]  rows: 4,803,782 
[17:53:53]  running geom+meta+cloud20_w5 (candidates=3,489,086, window=5 days) 
duckdb is storing downloaded extensions and secrets under ~/.duckdb:
ℹ /Users/steeleb/.duckdb
This persists across sessions and is shared with the DuckDB CLI and other clients.
ℹ Run duckdb(shared_home = FALSE) to use a temporary directory instead.
ℹ See ?duckdb_storage for details and alternatives.
✔ Successfully wrote 16,125 matchups to 'regional_clarity/outlier_rework/tmp_match_geom+meta+cloud20_w5.parquet'.
# A tibble: 1 × 5
  config      window_days siteSR_candidate_rows matchup_rows final_training_rows
  <chr>             <dbl>                 <int>        <int>               <int>
1 geom+meta+…           5               3489086        16125                5381
[17:53:57]  running geom+meta+cloud40_w5 (candidates=3,992,688, window=5 days) 
duckdb is storing downloaded extensions and secrets under ~/.duckdb:
ℹ /Users/steeleb/.duckdb
This persists across sessions and is shared with the DuckDB CLI and other clients.
ℹ Run duckdb(shared_home = FALSE) to use a temporary directory instead.
ℹ See ?duckdb_storage for details and alternatives.
✔ Successfully wrote 18,486 matchups to 'regional_clarity/outlier_rework/tmp_match_geom+meta+cloud40_w5.parquet'.
# A tibble: 1 × 5
  config      window_days siteSR_candidate_rows matchup_rows final_training_rows
  <chr>             <dbl>                 <int>        <int>               <int>
1 geom+meta+…           5               3992688        18486                6100
[17:54:01]  running geom+meta+cloud60_w5 (candidates=4,234,021, window=5 days) 
duckdb is storing downloaded extensions and secrets under ~/.duckdb:
ℹ /Users/steeleb/.duckdb
This persists across sessions and is shared with the DuckDB CLI and other clients.
ℹ Run duckdb(shared_home = FALSE) to use a temporary directory instead.
ℹ See ?duckdb_storage for details and alternatives.
✔ Successfully wrote 19,527 matchups to 'regional_clarity/outlier_rework/tmp_match_geom+meta+cloud60_w5.parquet'.
# A tibble: 1 × 5
  config      window_days siteSR_candidate_rows matchup_rows final_training_rows
  <chr>             <dbl>                 <int>        <int>               <int>
1 geom+meta+…           5               4234021        19527                6350
[17:54:04]  running geom+meta+cloud40_w7 (candidates=3,992,688, window=7 days) 
duckdb is storing downloaded extensions and secrets under ~/.duckdb:
ℹ /Users/steeleb/.duckdb
This persists across sessions and is shared with the DuckDB CLI and other clients.
ℹ Run duckdb(shared_home = FALSE) to use a temporary directory instead.
ℹ See ?duckdb_storage for details and alternatives.
✔ Successfully wrote 25,513 matchups to 'regional_clarity/outlier_rework/tmp_match_geom+meta+cloud40_w7.parquet'.
# A tibble: 1 × 5
  config      window_days siteSR_candidate_rows matchup_rows final_training_rows
  <chr>             <dbl>                 <int>        <int>               <int>
1 geom+meta+…           7               3992688        25513                7323
[17:54:08]  running geom+meta+cloud40_w10 (candidates=3,992,688, window=10 days) 
duckdb is storing downloaded extensions and secrets under ~/.duckdb:
ℹ /Users/steeleb/.duckdb
This persists across sessions and is shared with the DuckDB CLI and other clients.
ℹ Run duckdb(shared_home = FALSE) to use a temporary directory instead.
ℹ See ?duckdb_storage for details and alternatives.
✔ Successfully wrote 36,217 matchups to 'regional_clarity/outlier_rework/tmp_match_geom+meta+cloud40_w10.parquet'.
# A tibble: 1 × 5
  config      window_days siteSR_candidate_rows matchup_rows final_training_rows
  <chr>             <dbl>                 <int>        <int>               <int>
1 geom+meta+…          10               3992688        36217                8490
[17:54:12]  running geom+meta+cloud60_w7 (candidates=4,234,021, window=7 days) 
duckdb is storing downloaded extensions and secrets under ~/.duckdb:
ℹ /Users/steeleb/.duckdb
This persists across sessions and is shared with the DuckDB CLI and other clients.
ℹ Run duckdb(shared_home = FALSE) to use a temporary directory instead.
ℹ See ?duckdb_storage for details and alternatives.
✔ Successfully wrote 26,999 matchups to 'regional_clarity/outlier_rework/tmp_match_geom+meta+cloud60_w7.parquet'.
# A tibble: 1 × 5
  config      window_days siteSR_candidate_rows matchup_rows final_training_rows
  <chr>             <dbl>                 <int>        <int>               <int>
1 geom+meta+…           7               4234021        26999                7566
[17:54:15]  running geom+meta+cloud60_w10 (candidates=4,234,021, window=10 days) 
duckdb is storing downloaded extensions and secrets under ~/.duckdb:
ℹ /Users/steeleb/.duckdb
This persists across sessions and is shared with the DuckDB CLI and other clients.
ℹ Run duckdb(shared_home = FALSE) to use a temporary directory instead.
ℹ See ?duckdb_storage for details and alternatives.
✔ Successfully wrote 38,357 matchups to 'regional_clarity/outlier_rework/tmp_match_geom+meta+cloud60_w10.parquet'.
# A tibble: 1 × 5
  config      window_days siteSR_candidate_rows matchup_rows final_training_rows
  <chr>             <dbl>                 <int>        <int>               <int>
1 geom+meta+…          10               4234021        38357                8707
[17:54:19]  GRID RESULTS: 
# A tibble: 7 × 5
  config      window_days siteSR_candidate_rows matchup_rows final_training_rows
  <chr>             <dbl>                 <int>        <int>               <int>
1 geom+meta+…           5               3489086        16125                5381
2 geom+meta+…           5               3992688        18486                6100
3 geom+meta+…           5               4234021        19527                6350
4 geom+meta+…           7               3992688        25513                7323
5 geom+meta+…          10               3992688        36217                8490
6 geom+meta+…           7               4234021        26999                7566
7 geom+meta+…          10               4234021        38357                8707
[17:54:19]  done 
