[06:57:10]  fetching gridMET for 1525 sites 
[[1]]
[1] "sf"        "climateR"  "stats"     "graphics"  "grDevices" "utils"    
[7] "datasets"  "methods"   "base"     

[[2]]
[1] "sf"        "climateR"  "stats"     "graphics"  "grDevices" "utils"    
[7] "datasets"  "methods"   "base"     

[[3]]
[1] "sf"        "climateR"  "stats"     "graphics"  "grDevices" "utils"    
[7] "datasets"  "methods"   "base"     

[[4]]
[1] "sf"        "climateR"  "stats"     "graphics"  "grDevices" "utils"    
[7] "datasets"  "methods"   "base"     

[[5]]
[1] "sf"        "climateR"  "stats"     "graphics"  "grDevices" "utils"    
[7] "datasets"  "methods"   "base"     

[[6]]
[1] "sf"        "climateR"  "stats"     "graphics"  "grDevices" "utils"    
[7] "datasets"  "methods"   "base"     

[[7]]
[1] "sf"        "climateR"  "stats"     "graphics"  "grDevices" "utils"    
[7] "datasets"  "methods"   "base"     

[[8]]
[1] "sf"        "climateR"  "stats"     "graphics"  "grDevices" "utils"    
[7] "datasets"  "methods"   "base"     

[07:50:00]  fetch took 52.8 min 
[07:50:00]  succeeded: 1525 sites, failed: 0 sites 
[07:50:00]  total weather rows: 3228141 
[07:50:00]  done 
