[09:56:14] loading data
[09:56:14] candidate pool: 17 optical + 7 site + 2 weather = 26
[09:56:14] flat single-pass correlation pruning: 26 -> 22 features
[09:56:14] pruned starting set: ['atm_corr_LaSRC', 'red_corr7', 'nir_corr7', 'swir1_corr7', 'temp_corr7', 'BR', 'BG', 'NR', 'fai', 'NDVI', 'NDSSI', 'NDWI', 'MNDWI', 'elevation_m', 'catchment_area_sqkm', 'pct_impervious_2006', 'pct_urban_2006', 'pct_forest_2006', 'pct_cropland_2006', 'pct_wetland_2006', 'precip_mm_prev30', 'tmax_degC_prev30']
[09:56:14] xgboost fixed hyperparameters (reused from optical+site+weather tuning): {'eta': 0.01, 'max_depth': 5, 'min_child_weight': 1, 'subsample': 0.7, 'colsample_bytree': 0.5}
[09:56:14] lightgbm fixed hyperparameters (reused from optical+site+weather tuning): {'learning_rate': 0.05, 'num_leaves': 7, 'min_child_samples': 30, 'subsample': 1.0, 'colsample_bytree': 0.9}
[09:56:14] nn fixed hyperparameters (reused from optical+site+weather tuning): {'hidden_sizes': (4, 4), 'dropout': 0.2, 'lr': 0.01, 'weight_decay': 0.0001}
[09:56:14] === backward elimination: xgboost ===
[09:56:51]   [xgboost] step 0: n=22 cv_rmse=1.4982 shadow_floor=0.0006
[09:56:51]   [xgboost] drop 'pct_impervious_2006' (importance -0.0071 <= shadow floor 0.0006)
[09:57:28]   [xgboost] step 1: n=21 cv_rmse=1.4988 shadow_floor=0.0003
[09:57:28]   [xgboost] drop 'elevation_m' (importance -0.0046 <= shadow floor 0.0003)
[09:58:04]   [xgboost] step 2: n=20 cv_rmse=1.4652 shadow_floor=0.0007
[09:58:04]   [xgboost] drop 'precip_mm_prev30' (importance -0.0024 <= shadow floor 0.0007)
[09:58:32]   [xgboost] step 3: n=19 cv_rmse=1.4707 shadow_floor=0.0003
[09:58:32]   [xgboost] drop 'swir1_corr7' (importance -0.0009 <= shadow floor 0.0003)
[09:59:07]   [xgboost] step 4: n=18 cv_rmse=1.4513 shadow_floor=0.0005
[09:59:07]   [xgboost] drop 'tmax_degC_prev30' (importance 0.0001 <= shadow floor 0.0005)
[09:59:40]   [xgboost] step 5: n=17 cv_rmse=1.4492 shadow_floor=0.0006
[09:59:40]   [xgboost] stop: worst real feature 'temp_corr7' (0.0018) beats shadow floor (0.0006)
[09:59:40] xgboost final set (17): ['atm_corr_LaSRC', 'red_corr7', 'nir_corr7', 'temp_corr7', 'BR', 'BG', 'NR', 'fai', 'NDVI', 'NDSSI', 'NDWI', 'MNDWI', 'catchment_area_sqkm', 'pct_urban_2006', 'pct_forest_2006', 'pct_cropland_2006', 'pct_wetland_2006']
[09:59:40] === backward elimination: lightgbm ===
[10:00:02]   [lightgbm] step 0: n=22 cv_rmse=1.5043 shadow_floor=0.0004
[10:00:02]   [lightgbm] drop 'elevation_m' (importance -0.0036 <= shadow floor 0.0004)
[10:00:16]   [lightgbm] step 1: n=21 cv_rmse=1.4767 shadow_floor=0.0005
[10:00:16]   [lightgbm] drop 'precip_mm_prev30' (importance -0.0030 <= shadow floor 0.0005)
[10:00:33]   [lightgbm] step 2: n=20 cv_rmse=1.4630 shadow_floor=0.0008
[10:00:33]   [lightgbm] drop 'tmax_degC_prev30' (importance -0.0008 <= shadow floor 0.0008)
[10:00:47]   [lightgbm] step 3: n=19 cv_rmse=1.4610 shadow_floor=0.0005
[10:00:47]   [lightgbm] drop 'swir1_corr7' (importance -0.0004 <= shadow floor 0.0005)
[10:01:06]   [lightgbm] step 4: n=18 cv_rmse=1.4431 shadow_floor=0.0006
[10:01:06]   [lightgbm] stop: worst real feature 'NDSSI' (0.0016) beats shadow floor (0.0006)
[10:01:06] lightgbm final set (18): ['atm_corr_LaSRC', 'red_corr7', 'nir_corr7', 'temp_corr7', 'BR', 'BG', 'NR', 'fai', 'NDVI', 'NDSSI', 'NDWI', 'MNDWI', 'catchment_area_sqkm', 'pct_impervious_2006', 'pct_urban_2006', 'pct_forest_2006', 'pct_cropland_2006', 'pct_wetland_2006']
[10:01:06] === backward elimination: nn ===
[10:01:08]   [nn] step 0: n=22 cv_rmse=1.7132 shadow_floor=0.0008
[10:01:08]   [nn] drop 'elevation_m' (importance -0.0317 <= shadow floor 0.0008)
[10:01:11]   [nn] step 1: n=21 cv_rmse=1.6943 shadow_floor=0.0009
[10:01:11]   [nn] drop 'tmax_degC_prev30' (importance -0.0064 <= shadow floor 0.0009)
[10:01:14]   [nn] step 2: n=20 cv_rmse=1.6639 shadow_floor=0.0017
[10:01:14]   [nn] drop 'BR' (importance -0.0174 <= shadow floor 0.0017)
[10:01:17]   [nn] step 3: n=19 cv_rmse=1.5706 shadow_floor=0.0017
[10:01:17]   [nn] drop 'pct_forest_2006' (importance -0.0015 <= shadow floor 0.0017)
[10:01:19]   [nn] step 4: n=18 cv_rmse=1.5896 shadow_floor=0.0006
[10:01:19]   [nn] stop: cv_rmse degraded >0.5% from best (1.5706)
[10:01:19] nn final set (19): ['atm_corr_LaSRC', 'red_corr7', 'nir_corr7', 'swir1_corr7', 'temp_corr7', 'BG', 'NR', 'fai', 'NDVI', 'NDSSI', 'NDWI', 'MNDWI', 'catchment_area_sqkm', 'pct_impervious_2006', 'pct_urban_2006', 'pct_forest_2006', 'pct_cropland_2006', 'pct_wetland_2006', 'precip_mm_prev30']
[10:01:19] === joint backward elimination (all 3 models at once) ===
[10:02:21]   [joint] step 0: n=22 xgboost_rmse=1.4982 lightgbm_rmse=1.5043 nn_rmse=1.7132
[10:02:21]   [joint] drop 'elevation_m' (norm importance -17.816 <= 1.0)
[10:03:12]   [joint] step 1: n=21 xgboost_rmse=1.4908 lightgbm_rmse=1.4767 nn_rmse=1.6943
[10:03:12]   [joint] drop 'precip_mm_prev30' (norm importance -5.813 <= 1.0)
[10:04:05]   [joint] step 2: n=20 xgboost_rmse=1.4770 lightgbm_rmse=1.4630 nn_rmse=1.6733
[10:04:05]   [joint] drop 'tmax_degC_prev30' (norm importance -0.471 <= 1.0)
[10:04:57]   [joint] step 3: n=19 xgboost_rmse=1.4760 lightgbm_rmse=1.4610 nn_rmse=1.6004
[10:04:57]   [joint] drop 'pct_impervious_2006' (norm importance 0.347 <= 1.0)
[10:05:59]   [joint] step 4: n=18 xgboost_rmse=1.4416 lightgbm_rmse=1.4356 nn_rmse=1.6315
[10:05:59]   [joint] stop: ['nn'] degraded >0.5% from their own best on prior steps
[10:05:59] joint final set (18): ['atm_corr_LaSRC', 'red_corr7', 'nir_corr7', 'swir1_corr7', 'temp_corr7', 'BR', 'BG', 'NR', 'fai', 'NDVI', 'NDSSI', 'NDWI', 'MNDWI', 'catchment_area_sqkm', 'pct_urban_2006', 'pct_forest_2006', 'pct_cropland_2006', 'pct_wetland_2006']
[10:05:59] intersection of 3 per-model sets (16): ['BG', 'MNDWI', 'NDSSI', 'NDVI', 'NDWI', 'NR', 'atm_corr_LaSRC', 'catchment_area_sqkm', 'fai', 'nir_corr7', 'pct_cropland_2006', 'pct_forest_2006', 'pct_urban_2006', 'pct_wetland_2006', 'red_corr7', 'temp_corr7']
[10:05:59] union of 3 per-model sets (20): ['BG', 'BR', 'MNDWI', 'NDSSI', 'NDVI', 'NDWI', 'NR', 'atm_corr_LaSRC', 'catchment_area_sqkm', 'fai', 'nir_corr7', 'pct_cropland_2006', 'pct_forest_2006', 'pct_impervious_2006', 'pct_urban_2006', 'pct_wetland_2006', 'precip_mm_prev30', 'red_corr7', 'swir1_corr7', 'temp_corr7']
[10:05:59] BACKWARD ELIMINATION DONE
