[09:11:37][seed505] arm=ls7ref folds: [(1, 4136, 1572), (2, 4408, 1300), (3, 4128, 1580), (4, 4452, 1256)], holdout n=1404
[09:11:37][seed505] ### STAGE 1: feature-group comparison ###
[09:11:37][seed505] === feature-group optical / xgboost (13 candidates after pruning) - gap-aware ===
[09:12:28][seed505] optical/xgboost: cv_rmse=1.4136 test_rmse=1.7569 gap=0.1725 (51s)
[09:12:28][seed505] === feature-group optical / lightgbm (13 candidates after pruning) - gap-aware ===
[09:13:58][seed505] optical/lightgbm: cv_rmse=1.3817 test_rmse=1.7531 gap=0.1727 (90s)
[09:13:58][seed505] === feature-group optical_site / xgboost (21 candidates after pruning) - gap-aware ===
[09:15:52][seed505] optical_site/xgboost: cv_rmse=1.2955 test_rmse=1.5815 gap=0.3037 (114s)
[09:15:52][seed505] === feature-group optical_site / lightgbm (21 candidates after pruning) - gap-aware ===
[09:19:35][seed505] optical_site/lightgbm: cv_rmse=1.2840 test_rmse=1.5882 gap=0.2717 (223s)
[09:19:35][seed505] === feature-group optical_weather / xgboost (27 candidates after pruning) - gap-aware ===
[09:20:35][seed505] optical_weather/xgboost: cv_rmse=1.4187 test_rmse=1.7546 gap=0.2162 (60s)
[09:20:35][seed505] === feature-group optical_weather / lightgbm (27 candidates after pruning) - gap-aware ===
[09:22:39][seed505] optical_weather/lightgbm: cv_rmse=1.3938 test_rmse=1.7506 gap=0.2130 (124s)
[09:22:39][seed505] === feature-group optical_site_weather / xgboost (35 candidates after pruning) - gap-aware ===
[09:24:54][seed505] optical_site_weather/xgboost: cv_rmse=1.2807 test_rmse=1.5690 gap=0.4301 (135s)
[09:24:54][seed505] === feature-group optical_site_weather / lightgbm (35 candidates after pruning) - gap-aware ===
[09:29:35][seed505] optical_site_weather/lightgbm: cv_rmse=1.2679 test_rmse=1.5490 gap=0.3763 (281s)
[09:29:35][seed505] ### STAGE 2: backward elimination ###
[09:29:35][seed505] elimination candidate pool: 27 -> 23 after correlation pruning
[09:29:35][seed505] pruned set: ['atm_corr_LaSRC', 'green_corr7', 'nir_corr7', 'swir2_corr7', 'temp_corr7', 'BR', 'BG', 'NR', 'fai', 'NDVI', 'NDSSI', 'NDWI', 'MNDWI', 'elevation_m', 'catchment_area_sqkm', 'pct_impervious_2006', 'pct_urban_2006', 'pct_forest_2006', 'pct_cropland_2006', 'pct_wetland_2006', 'shore_flag', 'precip_mm_prev30', 'tmax_degC_prev30']
[09:29:35][seed505] === backward elimination: xgboost ===
[09:30:06][seed505]   [xgboost] step 0: n=23 cv_rmse=1.2839 shadow_floor=0.0007
[09:30:06][seed505]   [xgboost] drop 'elevation_m' (importance -0.0031 <= shadow floor 0.0007)
[09:30:34][seed505]   [xgboost] step 1: n=22 cv_rmse=1.2761 shadow_floor=0.0004
[09:30:34][seed505]   [xgboost] drop 'temp_corr7' (importance -0.0005 <= shadow floor 0.0004)
[09:31:06][seed505]   [xgboost] step 2: n=21 cv_rmse=1.2663 shadow_floor=0.0006
[09:31:06][seed505]   [xgboost] drop 'swir2_corr7' (importance 0.0001 <= shadow floor 0.0006)
[09:31:39][seed505]   [xgboost] step 3: n=20 cv_rmse=1.2692 shadow_floor=0.0009
[09:31:39][seed505]   [xgboost] drop 'nir_corr7' (importance 0.0005 <= shadow floor 0.0009)
[09:32:09][seed505]   [xgboost] step 4: n=19 cv_rmse=1.2675 shadow_floor=0.0003
[09:32:09][seed505]   [xgboost] stop: worst real feature 'shore_flag' (0.0029) beats shadow floor (0.0003)
[09:32:09][seed505] xgboost final (21): ['atm_corr_LaSRC', 'green_corr7', 'nir_corr7', 'swir2_corr7', 'BR', 'BG', 'NR', 'fai', 'NDVI', 'NDSSI', 'NDWI', 'MNDWI', 'catchment_area_sqkm', 'pct_impervious_2006', 'pct_urban_2006', 'pct_forest_2006', 'pct_cropland_2006', 'pct_wetland_2006', 'shore_flag', 'precip_mm_prev30', 'tmax_degC_prev30']
[09:32:09][seed505] === backward elimination: lightgbm ===
[09:32:48][seed505]   [lightgbm] step 0: n=23 cv_rmse=1.2718 shadow_floor=0.0003
[09:32:48][seed505]   [lightgbm] drop 'elevation_m' (importance -0.0008 <= shadow floor 0.0003)
[09:33:25][seed505]   [lightgbm] step 1: n=22 cv_rmse=1.2675 shadow_floor=0.0002
[09:33:25][seed505]   [lightgbm] stop: worst real feature 'swir2_corr7' (0.0011) beats shadow floor (0.0002)
[09:33:25][seed505] lightgbm final (22): ['atm_corr_LaSRC', 'green_corr7', 'nir_corr7', 'swir2_corr7', 'temp_corr7', 'BR', 'BG', 'NR', 'fai', 'NDVI', 'NDSSI', 'NDWI', 'MNDWI', 'catchment_area_sqkm', 'pct_impervious_2006', 'pct_urban_2006', 'pct_forest_2006', 'pct_cropland_2006', 'pct_wetland_2006', 'shore_flag', 'precip_mm_prev30', 'tmax_degC_prev30']
[09:33:25][seed505] === joint elimination (xgboost + lightgbm) ===
[09:34:30][seed505]   [joint] step 0: n=23 xgboost_rmse=1.2839 lightgbm_rmse=1.2718
[09:34:30][seed505]   [joint] drop 'elevation_m' (norm importance -3.733 <= 1.0)
[09:35:33][seed505]   [joint] step 1: n=22 xgboost_rmse=1.2761 lightgbm_rmse=1.2675
[09:35:33][seed505]   [joint] stop: worst real feature 'temp_corr7' (norm importance 2.600) beats the noise floor (1.0) for all models
[09:35:33][seed505] joint final (22): ['atm_corr_LaSRC', 'green_corr7', 'nir_corr7', 'swir2_corr7', 'temp_corr7', 'BR', 'BG', 'NR', 'fai', 'NDVI', 'NDSSI', 'NDWI', 'MNDWI', 'catchment_area_sqkm', 'pct_impervious_2006', 'pct_urban_2006', 'pct_forest_2006', 'pct_cropland_2006', 'pct_wetland_2006', 'shore_flag', 'precip_mm_prev30', 'tmax_degC_prev30']
[09:35:33][seed505] intersection (21): ['BG', 'BR', 'MNDWI', 'NDSSI', 'NDVI', 'NDWI', 'NR', 'atm_corr_LaSRC', 'catchment_area_sqkm', 'fai', 'green_corr7', 'nir_corr7', 'pct_cropland_2006', 'pct_forest_2006', 'pct_impervious_2006', 'pct_urban_2006', 'pct_wetland_2006', 'precip_mm_prev30', 'shore_flag', 'swir2_corr7', 'tmax_degC_prev30']
[09:35:33][seed505] ### STAGE 3: gap-aware final tuning ###
[09:35:33][seed505] === gap-aware tuning: xgboost on final feature set ===
[09:38:09][seed505] xgboost chosen: {'eta': 0.01, 'max_depth': 3, 'min_child_weight': 10, 'subsample': 0.7, 'colsample_bytree': 0.5, 'reg_alpha': 5, 'reg_lambda': 5} val_rmse=1.2601 gap=0.3617
[09:38:09][seed505] === gap-aware tuning: lightgbm on final feature set ===
[09:42:36][seed505] lightgbm chosen: {'learning_rate': 0.01, 'num_leaves': 7, 'min_child_samples': 50, 'subsample': 0.7, 'colsample_bytree': 0.7, 'reg_alpha': 1, 'reg_lambda': 10} val_rmse=1.2626 gap=0.3092
[09:42:36][seed505] ### STAGE 4: final evaluation on fixed holdout ###
[09:42:41][seed505] xgboost FINAL: cv_rmse=1.2631 test_rmse=1.5724
[09:42:45][seed505] lightgbm FINAL: cv_rmse=1.2659 test_rmse=1.5731
[09:42:45][seed505] SEED 505 (ls7ref) DONE in 1868s
