[10:19:15] ls7ref/seed501/xgboost: training 4 folds + SHAP on 1404-row holdout (20 feats)
[10:19:30] ls7ref/seed501/lightgbm: training 4 folds + SHAP on 1404-row holdout (20 feats)
[10:19:37] ls7ref/seed502/xgboost: training 4 folds + SHAP on 1404-row holdout (19 feats)
[10:19:47] ls7ref/seed502/lightgbm: training 4 folds + SHAP on 1404-row holdout (19 feats)
[10:19:52] ls7ref/seed503/xgboost: training 4 folds + SHAP on 1404-row holdout (19 feats)
[10:20:07] ls7ref/seed503/lightgbm: training 4 folds + SHAP on 1404-row holdout (19 feats)
[10:20:17] ls7ref/seed504/xgboost: training 4 folds + SHAP on 1404-row holdout (19 feats)
[10:20:31] ls7ref/seed504/lightgbm: training 4 folds + SHAP on 1404-row holdout (19 feats)
[10:20:41] ls7ref/seed505/xgboost: training 4 folds + SHAP on 1404-row holdout (21 feats)
[10:20:54] ls7ref/seed505/lightgbm: training 4 folds + SHAP on 1404-row holdout (21 feats)
[10:21:06] ls7ref: unanimous core (16 features): ['BG', 'BR', 'MNDWI', 'NDSSI', 'NDVI', 'NDWI', 'NR', 'atm_corr_LaSRC', 'catchment_area_sqkm', 'fai', 'green_corr7', 'nir_corr7', 'pct_cropland_2006', 'pct_forest_2006', 'pct_urban_2006', 'pct_wetland_2006']
[10:21:06] ls7ref: wrote shap_values_long.parquet (14040 rows), shap_ensemble_mean.parquet (1404 rows)
[10:21:06] ls8ref/seed501/xgboost: training 4 folds + SHAP on 1404-row holdout (20 feats)
[10:21:15] ls8ref/seed501/lightgbm: training 4 folds + SHAP on 1404-row holdout (20 feats)
[10:21:30] ls8ref/seed502/xgboost: training 4 folds + SHAP on 1404-row holdout (20 feats)
[10:21:40] ls8ref/seed502/lightgbm: training 4 folds + SHAP on 1404-row holdout (20 feats)
[10:21:45] ls8ref/seed503/xgboost: training 4 folds + SHAP on 1404-row holdout (20 feats)
[10:21:56] ls8ref/seed503/lightgbm: training 4 folds + SHAP on 1404-row holdout (20 feats)
[10:22:10] ls8ref/seed504/xgboost: training 4 folds + SHAP on 1404-row holdout (20 feats)
[10:22:15] ls8ref/seed504/lightgbm: training 4 folds + SHAP on 1404-row holdout (20 feats)
[10:22:28] ls8ref/seed505/xgboost: training 4 folds + SHAP on 1404-row holdout (21 feats)
[10:22:40] ls8ref/seed505/lightgbm: training 4 folds + SHAP on 1404-row holdout (21 feats)
[10:23:02] ls8ref: unanimous core (17 features): ['BG', 'BR', 'GR', 'MNDWI', 'NDSSI', 'NDVI', 'NR', 'atm_corr_LaSRC', 'blue_corr8', 'catchment_area_sqkm', 'fai', 'green_corr8', 'nir_corr8', 'pct_cropland_2006', 'pct_impervious_2006', 'pct_urban_2006', 'pct_wetland_2006']
[10:23:02] ls8ref: wrote shap_values_long.parquet (14040 rows), shap_ensemble_mean.parquet (1404 rows)
[10:23:02] l89only/seed501/xgboost: training 4 folds + SHAP on 318-row holdout (20 feats)
[10:23:15] l89only/seed501/lightgbm: training 4 folds + SHAP on 318-row holdout (20 feats)
[10:23:18] l89only/seed502/xgboost: training 4 folds + SHAP on 318-row holdout (21 feats)
[10:23:28] l89only/seed502/lightgbm: training 4 folds + SHAP on 318-row holdout (21 feats)
[10:23:38] l89only/seed503/xgboost: training 4 folds + SHAP on 318-row holdout (15 feats)
[10:23:45] l89only/seed503/lightgbm: training 4 folds + SHAP on 318-row holdout (15 feats)
[10:23:55] l89only/seed504/xgboost: training 4 folds + SHAP on 318-row holdout (24 feats)
[10:24:10] l89only/seed504/lightgbm: training 4 folds + SHAP on 318-row holdout (24 feats)
[10:24:23] l89only/seed505/xgboost: training 4 folds + SHAP on 318-row holdout (20 feats)
[10:24:30] l89only/seed505/lightgbm: training 4 folds + SHAP on 318-row holdout (20 feats)
[10:24:34] l89only: unanimous core (12 features): ['BG', 'BR', 'MNDWI', 'NDSSI', 'NDVI', 'catchment_area_sqkm', 'fai', 'green_corr8', 'pct_urban_2006', 'pct_wetland_2006', 'red_corr8', 'temp_corr8']
[10:24:34] l89only: wrote shap_values_long.parquet (3180 rows), shap_ensemble_mean.parquet (318 rows)
[10:24:34] DONE
