[19:17:05][seed504] folds: [(1, 7243, 2352), (2, 7278, 2317), (3, 7091, 2504), (4, 7173, 2422)], holdout n=3042
[19:17:05][seed504] ### STAGE 1: feature-group comparison ###
[19:17:05][seed504] === feature-group optical / xgboost (13 candidates after pruning) ===
[19:17:45][seed504] optical/xgboost: cv_rmse=1.6257 test_rmse=1.5961 (40s)
[19:17:45][seed504] === feature-group optical / lightgbm (13 candidates after pruning) ===
[19:18:44][seed504] optical/lightgbm: cv_rmse=1.5695 test_rmse=1.5901 (58s)
[19:18:44][seed504] === feature-group optical_site / xgboost (21 candidates after pruning) ===
[19:19:40][seed504] optical_site/xgboost: cv_rmse=1.5017 test_rmse=1.3480 (56s)
[19:19:40][seed504] === feature-group optical_site / lightgbm (21 candidates after pruning) ===
[19:21:20][seed504] optical_site/lightgbm: cv_rmse=1.5036 test_rmse=1.3695 (100s)
[19:21:20][seed504] === feature-group optical_weather / xgboost (26 candidates after pruning) ===
[19:22:07][seed504] optical_weather/xgboost: cv_rmse=1.6117 test_rmse=1.5368 (47s)
[19:22:07][seed504] === feature-group optical_weather / lightgbm (26 candidates after pruning) ===
[19:23:55][seed504] optical_weather/lightgbm: cv_rmse=1.5609 test_rmse=1.5168 (107s)
[19:23:55][seed504] === feature-group optical_site_weather / xgboost (34 candidates after pruning) ===
[19:24:51][seed504] optical_site_weather/xgboost: cv_rmse=1.5054 test_rmse=1.3388 (57s)
[19:24:51][seed504] === feature-group optical_site_weather / lightgbm (34 candidates after pruning) ===
[19:27:12][seed504] optical_site_weather/lightgbm: cv_rmse=1.4934 test_rmse=1.3321 (141s)
[19:27:12][seed504] ### STAGE 2: backward elimination ###
[19:27:12][seed504] elimination candidate pool: 27 -> 23 after correlation pruning
[19:27:12][seed504] pruned set: ['atm_corr_LaSRC', 'green_corr7', 'nir_corr7', 'swir1_corr7', 'temp_corr7', 'BR', 'BG', 'NR', 'fai', 'NDVI', 'NDSSI', 'NDWI', 'MNDWI', 'elevation_m', 'catchment_area_sqkm', 'pct_impervious_2006', 'pct_urban_2006', 'pct_forest_2006', 'pct_cropland_2006', 'pct_wetland_2006', 'shore_flag', 'precip_mm_prev30', 'tmax_degC_prev30']
[19:27:12][seed504] === backward elimination: xgboost ===
[19:27:27][seed504]   [xgboost] step 0: n=23 cv_rmse=1.4624 shadow_floor=0.0005
[19:27:27][seed504]   [xgboost] drop 'precip_mm_prev30' (importance -0.0019 <= shadow floor 0.0005)
[19:27:41][seed504]   [xgboost] step 1: n=22 cv_rmse=1.4686 shadow_floor=0.0006
[19:27:41][seed504]   [xgboost] drop 'elevation_m' (importance -0.0098 <= shadow floor 0.0006)
[19:27:54][seed504]   [xgboost] step 2: n=21 cv_rmse=1.4523 shadow_floor=0.0009
[19:27:54][seed504]   [xgboost] drop 'pct_cropland_2006' (importance -0.0011 <= shadow floor 0.0009)
[19:28:07][seed504]   [xgboost] step 3: n=20 cv_rmse=1.4546 shadow_floor=0.0005
[19:28:07][seed504]   [xgboost] drop 'pct_forest_2006' (importance -0.0023 <= shadow floor 0.0005)
[19:28:19][seed504]   [xgboost] step 4: n=19 cv_rmse=1.4348 shadow_floor=0.0007
[19:28:19][seed504]   [xgboost] drop 'swir1_corr7' (importance -0.0005 <= shadow floor 0.0007)
[19:28:33][seed504]   [xgboost] step 5: n=18 cv_rmse=1.4316 shadow_floor=0.0009
[19:28:33][seed504]   [xgboost] stop: worst real feature 'NDSSI' (0.0032) beats shadow floor (0.0009)
[19:28:33][seed504] xgboost final (18): ['atm_corr_LaSRC', 'green_corr7', 'nir_corr7', 'temp_corr7', 'BR', 'BG', 'NR', 'fai', 'NDVI', 'NDSSI', 'NDWI', 'MNDWI', 'catchment_area_sqkm', 'pct_impervious_2006', 'pct_urban_2006', 'pct_wetland_2006', 'shore_flag', 'tmax_degC_prev30']
[19:28:33][seed504] === backward elimination: lightgbm ===
[19:29:13][seed504]   [lightgbm] step 0: n=23 cv_rmse=1.4580 shadow_floor=0.0006
[19:29:13][seed504]   [lightgbm] drop 'precip_mm_prev30' (importance -0.0007 <= shadow floor 0.0006)
[19:29:46][seed504]   [lightgbm] step 1: n=22 cv_rmse=1.4514 shadow_floor=0.0004
[19:29:46][seed504]   [lightgbm] drop 'elevation_m' (importance -0.0084 <= shadow floor 0.0004)
[19:30:26][seed504]   [lightgbm] step 2: n=21 cv_rmse=1.4357 shadow_floor=0.0007
[19:30:26][seed504]   [lightgbm] drop 'pct_forest_2006' (importance -0.0024 <= shadow floor 0.0007)
[19:30:53][seed504]   [lightgbm] step 3: n=20 cv_rmse=1.4254 shadow_floor=0.0008
[19:30:53][seed504]   [lightgbm] stop: worst real feature 'pct_cropland_2006' (0.0013) beats shadow floor (0.0008)
[19:30:53][seed504] lightgbm final (20): ['atm_corr_LaSRC', 'green_corr7', 'nir_corr7', 'swir1_corr7', 'temp_corr7', 'BR', 'BG', 'NR', 'fai', 'NDVI', 'NDSSI', 'NDWI', 'MNDWI', 'catchment_area_sqkm', 'pct_impervious_2006', 'pct_urban_2006', 'pct_cropland_2006', 'pct_wetland_2006', 'shore_flag', 'tmax_degC_prev30']
[19:30:53][seed504] === joint elimination (xgboost + lightgbm) ===
[19:31:45][seed504]   [joint] step 0: n=23 xgboost_rmse=1.4624 lightgbm_rmse=1.4580
[19:31:45][seed504]   [joint] drop 'precip_mm_prev30' (norm importance -2.387 <= 1.0)
[19:32:28][seed504]   [joint] step 1: n=22 xgboost_rmse=1.4686 lightgbm_rmse=1.4514
[19:32:28][seed504]   [joint] drop 'elevation_m' (norm importance -18.862 <= 1.0)
[19:33:20][seed504]   [joint] step 2: n=21 xgboost_rmse=1.4523 lightgbm_rmse=1.4357
[19:33:20][seed504]   [joint] drop 'pct_cropland_2006' (norm importance -0.429 <= 1.0)
[19:34:00][seed504]   [joint] step 3: n=20 xgboost_rmse=1.4546 lightgbm_rmse=1.4504
[19:34:00][seed504]   [joint] stop: ['lightgbm'] degraded >0.5% from their own best on prior steps
[19:34:00][seed504] joint final (21): ['atm_corr_LaSRC', 'green_corr7', 'nir_corr7', 'swir1_corr7', 'temp_corr7', 'BR', 'BG', 'NR', 'fai', 'NDVI', 'NDSSI', 'NDWI', 'MNDWI', 'catchment_area_sqkm', 'pct_impervious_2006', 'pct_urban_2006', 'pct_forest_2006', 'pct_cropland_2006', 'pct_wetland_2006', 'shore_flag', 'tmax_degC_prev30']
[19:34:00][seed504] intersection (18): ['BG', 'BR', 'MNDWI', 'NDSSI', 'NDVI', 'NDWI', 'NR', 'atm_corr_LaSRC', 'catchment_area_sqkm', 'fai', 'green_corr7', 'nir_corr7', 'pct_impervious_2006', 'pct_urban_2006', 'pct_wetland_2006', 'shore_flag', 'temp_corr7', 'tmax_degC_prev30']
[19:34:00][seed504] ### STAGE 3: gap-aware final tuning ###
[19:34:00][seed504] === gap-aware tuning: xgboost on final feature set ===
[19:36:51][seed504] xgboost chosen: {'eta': 0.01, 'max_depth': 3, 'min_child_weight': 3, 'subsample': 0.7, 'colsample_bytree': 0.4, 'reg_alpha': 0.1, 'reg_lambda': 5} val_rmse=1.4421 gap=0.3373
[19:36:51][seed504] === gap-aware tuning: lightgbm on final feature set ===
[19:41:42][seed504] lightgbm chosen: {'learning_rate': 0.01, 'num_leaves': 15, 'min_child_samples': 30, 'subsample': 0.8, 'colsample_bytree': 0.5, 'reg_alpha': 1, 'reg_lambda': 10} val_rmse=1.4217 gap=0.4225
[19:41:42][seed504] ### STAGE 4: final evaluation on fixed holdout ###
[19:41:48][seed504] xgboost FINAL: cv_rmse=1.4885 test_rmse=1.3814
[19:41:58][seed504] lightgbm FINAL: cv_rmse=1.4552 test_rmse=1.3876
[19:41:58][seed504] SEED 504 DONE in 1493s
